// Jest Snapshot v1, https://goo.gl/fbAQLP

exports[`Tests for TodoList component Should match snapshot 1`] = `
<div>
  <ul>
    <div
      class="flex mb-4 flex-col w-full border border-gray-400 shadow-lg overflow-hidden m-auto pb-4"
    >
      <div
        class="justify-around	flex-col items-center flex"
      >
        <h1
          class=" font-montserrat underline  mt-2 ml-3"
        >
          To do list
        </h1>
      </div>
    </div>
  </ul>
</div>
`;
